2026-09-01T02:14:07+0000 web-03 kernel: java invoked oom-killer: gfp_mask=0xcc0(GFP_KERNEL), order=0, oom_score_adj=0
2026-09-01T02:14:07+0000 web-03 kernel: CPU: 3 PID: 4242 Comm: java Not tainted 6.8.0-45-generic #45-Ubuntu
2026-09-01T02:14:07+0000 web-03 kernel: memory: usage 4194304kB, limit 4194304kB, failcnt 88213
2026-09-01T02:14:07+0000 web-03 kernel: oom-kill:constraint=CONSTRAINT_MEMCG,nodemask=(null),cpuset=abc,mems_allowed=0,oom_memcg=/docker/9f1e2d3c4b5a,task_memcg=/docker/9f1e2d3c4b5a,task=java,pid=4242,uid=1001
2026-09-01T02:14:07+0000 web-03 kernel: Memory cgroup out of memory: Killed process 4242 (java) total-vm:7891234kB, anon-rss:4123000kB, file-rss:1204kB, shmem-rss:0kB, UID:1001 pgtables:9012kB oom_score_adj:0
2026-09-01T14:02:51+0000 web-03 kernel: java invoked oom-killer: gfp_mask=0xcc0(GFP_KERNEL), order=0, oom_score_adj=0
2026-09-01T14:02:51+0000 web-03 kernel: memory: usage 4194304kB, limit 4194304kB, failcnt 91004
2026-09-01T14:02:51+0000 web-03 kernel: oom-kill:constraint=CONSTRAINT_MEMCG,nodemask=(null),cpuset=abc,mems_allowed=0,oom_memcg=/docker/9f1e2d3c4b5a,task_memcg=/docker/9f1e2d3c4b5a,task=java,pid=5120,uid=1001
2026-09-01T14:02:51+0000 web-03 kernel: Memory cgroup out of memory: Killed process 5120 (java) total-vm:7911234kB, anon-rss:4150000kB, file-rss:900kB, shmem-rss:0kB, UID:1001 pgtables:9100kB oom_score_adj:0
2026-09-02T03:30:12+0000 web-03 kernel: kswapd0 invoked oom-killer: gfp_mask=0x140dca(GFP_HIGHUSER_MOVABLE|__GFP_COMP|__GFP_ZERO), order=0, oom_score_adj=0
2026-09-02T03:30:12+0000 web-03 kernel: oom-kill:constraint=CONSTRAINT_NONE,nodemask=(null),cpuset=/,mems_allowed=0,global_oom,task_memcg=/system.slice/postgresql.service,task=postgres,pid=1877,uid=113
2026-09-02T03:30:12+0000 web-03 kernel: Out of memory: Killed process 1877 (postgres) total-vm:2890000kB, anon-rss:1502000kB, file-rss:220000kB, shmem-rss:640000kB, UID:113 pgtables:5400kB oom_score_adj:0
2026-09-03T09:12:44+0000 web-03 kernel: node invoked oom-killer: gfp_mask=0x140cca(GFP_HIGHUSER_MOVABLE|__GFP_COMP), order=0, oom_score_adj=0
2026-09-03T09:12:44+0000 web-03 kernel: memory: usage 524288kB, limit 524288kB, failcnt 3
2026-09-03T09:12:44+0000 web-03 kernel: oom-kill:constraint=CONSTRAINT_MEMCG,nodemask=(null),cpuset=abc,mems_allowed=0,oom_memcg=/docker/71aa00bbccdd,task_memcg=/docker/71aa00bbccdd,task=node,pid=8801,uid=1000
2026-09-03T09:12:44+0000 web-03 kernel: Memory cgroup out of memory: Killed process 8801 (node) total-vm:1102000kB, anon-rss:498000kB, file-rss:12000kB, shmem-rss:0kB, UID:1000 pgtables:1800kB oom_score_adj:0
2026-09-03T09:13:01+0000 web-03 kernel: node invoked oom-killer: gfp_mask=0x140cca(GFP_HIGHUSER_MOVABLE|__GFP_COMP), order=0, oom_score_adj=0
2026-09-03T09:13:01+0000 web-03 kernel: memory: usage 524288kB, limit 524288kB, failcnt 9
2026-09-03T09:13:01+0000 web-03 kernel: oom-kill:constraint=CONSTRAINT_MEMCG,nodemask=(null),cpuset=abc,mems_allowed=0,oom_memcg=/docker/71aa00bbccdd,task_memcg=/docker/71aa00bbccdd,task=node,pid=8830,uid=1000
2026-09-03T09:13:01+0000 web-03 kernel: Memory cgroup out of memory: Killed process 8830 (node) total-vm:1104000kB, anon-rss:501000kB, file-rss:11000kB, shmem-rss:0kB, UID:1000 pgtables:1810kB oom_score_adj:0
2026-09-03T09:13:19+0000 web-03 kernel: node invoked oom-killer: gfp_mask=0x140cca(GFP_HIGHUSER_MOVABLE|__GFP_COMP), order=0, oom_score_adj=0
2026-09-03T09:13:19+0000 web-03 kernel: memory: usage 524288kB, limit 524288kB, failcnt 14
2026-09-03T09:13:19+0000 web-03 kernel: oom-kill:constraint=CONSTRAINT_MEMCG,nodemask=(null),cpuset=abc,mems_allowed=0,oom_memcg=/docker/71aa00bbccdd,task_memcg=/docker/71aa00bbccdd,task=node,pid=8859,uid=1000
2026-09-03T09:13:19+0000 web-03 kernel: Memory cgroup out of memory: Killed process 8859 (node) total-vm:1103000kB, anon-rss:499500kB, file-rss:11500kB, shmem-rss:0kB, UID:1001 pgtables:1805kB oom_score_adj:0
Sep  4 22:41:03 web-03 kernel: [812345.678901] chrome invoked oom-killer: gfp_mask=0x100cca(GFP_HIGHUSER_MOVABLE), order=0, oom_score_adj=300
Sep  4 22:41:03 web-03 kernel: [812345.678999] Out of memory: Killed process 22110 (chrome) total-vm:3400000kB, anon-rss:1900000kB, file-rss:80000kB, shmem-rss:120000kB
